.\.venv\Scripts\python.exe : Creating test database for alias 'default'...
At line:1 char:1
+ .\.venv\Scripts\python.exe manage.py test tournament *> test_output.t ...
+ ~~~~~~~~~~~~~~~~~~~~~~~~~~~~~~~~~~~~~~~~~~~~~~~~~~~~~~~~~~~~~~~~~~~~~
    + CategoryInfo          : NotSpecified: (Creating test d...as 'default'... 
   :String) [], RemoteException
    + FullyQualifiedErrorId : NativeCommandError
 

...............................................................................
.....
----------------------------------------------------------------------
Ran 84 tests in 52.869s

OK
Destroying test database for alias 'default'...

Found 84 test(s).
System check identified no issues (0 silenced).
